S C:\Users\usuario\Desktop\programadoresparalapaz> pwd

Path
----
C:\Users\usuario\Desktop\programadoresparalapaz


PS C:\Users\usuario\Desktop\programadoresparalapaz> mkdir semana_2


    Directorio: C:\Users\usuario\Desktop\programadoresparalapaz


Mode                 LastWriteTime         Length Name
----                 -------------         ------ ----
d-----      8/05/2026  10:01 p. m.                semana_2


PS C:\Users\usuario\Desktop\programadoresparalapaz> cd .\semana_2\

PS C:\Users\usuario\Desktop\programadoresparalapaz\semana_2> new-item preguntas-semana2.txt


    Directorio: C:\Users\usuario\Desktop\programadoresparalapaz\semana_2


Mode                 LastWriteTime         Length Name
----                 -------------         ------ ----
-a----      8/05/2026  10:13 p. m.              0 preguntas-semana2.txt


PS C:\Users\usuario\Desktop\programadoresparalapaz\semana_2> ni reflexion-semana2.txt


    Directorio: C:\Users\usuario\Desktop\programadoresparalapaz\semana_2


Mode                 LastWriteTime         Length Name
----                 -------------         ------ ----
-a----      8/05/2026  10:13 p. m.              0 reflexion-semana2.txt


PS C:\Users\usuario\Desktop\programadoresparalapaz\semana_2> ni comandos-terminal.txt


    Directorio: C:\Users\usuario\Desktop\programadoresparalapaz\semana_2


Mode                 LastWriteTime         Length Name
----                 -------------         ------ ----
-a----      8/05/2026  10:14 p. m.              0 comandos-terminal.txt

PS C:\Users\usuario\Desktop\programadoresparalapaz\semana_2> git init 
Initialized empty Git repository in C:/Users/usuario/Desktop/programadoresparalapaz/semana_2/.git/
PS C:\Users\usuario\Desktop\programadoresparalapaz\semana_2> cd ..             
PS C:\Users\usuario\Desktop\programadoresparalapaz> ls 


    Directorio: C:\Users\usuario\Desktop\programadoresparalapaz


Mode                 LastWriteTime         Length Name
----                 -------------         ------ ----
d-----       5/05/2026  5:48 p. m.                programadores-para-la-paz-semana3-dia1
d-----       5/05/2026  5:47 p. m.                programadores-para-la-paz-semana3-dia2
d-----       5/05/2026  5:47 p. m.                programadores-para-la-paz-semana3-dia3
d-----       5/05/2026  5:47 p. m.                programadores-para-la-paz-semana3-dia4
d-----       5/05/2026  5:46 p. m.                programadores-para-la-paz-semana3-dia5
d-----      8/05/2026  10:17 p. m.                semana_2



PS C:\Users\usuario\Desktop\programadoresparalapaz> cd .\semana_2\
PS C:\Users\usuario\Desktop\programadoresparalapaz\semana_2> git status 
On branch master

No commits yet

Untracked files:
  (use "git add <file>..." to include in what will be committed)
        comandos-terminal.txt
        preguntas-semana2.txt
        reflexion-semana2.txt

nothing added to commit but untracked files present (use "git add" to track)


PS C:\Users\usuario\Desktop\programadoresparalapaz\semana_2> notepad .\comandos-terminal.txt
PS C:\Users\usuario\Desktop\programadoresparalapaz\semana_2> notepad .\preguntas-semana2.txt
PS C:\Users\usuario\Desktop\programadoresparalapaz\semana_2> notepad .\reflexion-semana2.txt
PS C:\Users\usuario\Desktop\programadoresparalapaz\semana_2> notepad .\comandos-terminal.txt
PS C:\Users\usuario\Desktop\programadoresparalapaz\semana_2> git add .             
PS C:\Users\usuario\Desktop\programadoresparalapaz\semana_2> git commit -m "agrego documentos requeridos para la actividad de la semana 2"
[master (root-commit) 42d747d] agrego documentos requeridos para la actividad de la semana 2
 3 files changed, 17 insertions(+)
 create mode 100644 comandos-terminal.txt
 create mode 100644 preguntas-semana2.txt
 create mode 100644 reflexion-semana2.txt
PS C:\Users\usuario\Desktop\programadoresparalapaz\semana_2> git push